Archive member included to satisfy reference by file (symbol)

/opt/st/stm32cubeide_2.0.0/plugins/com.st.stm32cube.ide.mcu.externaltools.gnu-tools-for-stm32.13.3.rel1.linux64_1.0.100.202509120712/tools/bin/../lib/gcc/arm-none-eabi/13.3.1/../../../../arm-none-eabi/lib/thumb/v7e-m+dp/hard/libc_nano.a(libc_a-exit.o)
                              /opt/st/stm32cubeide_2.0.0/plugins/com.st.stm32cube.ide.mcu.externaltools.gnu-tools-for-stm32.13.3.rel1.linux64_1.0.100.202509120712/tools/bin/../lib/gcc/arm-none-eabi/13.3.1/../../../../arm-none-eabi/lib/thumb/v7e-m+dp/hard/crt0.o (exit)
/opt/st/stm32cubeide_2.0.0/plugins/com.st.stm32cube.ide.mcu.externaltools.gnu-tools-for-stm32.13.3.rel1.linux64_1.0.100.202509120712/tools/bin/../lib/gcc/arm-none-eabi/13.3.1/../../../../arm-none-eabi/lib/thumb/v7e-m+dp/hard/libc_nano.a(libc_a-findfp.o)
                              /opt/st/stm32cubeide_2.0.0/plugins/com.st.stm32cube.ide.mcu.externaltools.gnu-tools-for-stm32.13.3.rel1.linux64_1.0.100.202509120712/tools/bin/../lib/gcc/arm-none-eabi/13.3.1/../../../../arm-none-eabi/lib/thumb/v7e-m+dp/hard/libc_nano.a(libc_a-exit.o) (__stdio_exit_handler)
/opt/st/stm32cubeide_2.0.0/plugins/com.st.stm32cube.ide.mcu.externaltools.gnu-tools-for-stm32.13.3.rel1.linux64_1.0.100.202509120712/tools/bin/../lib/gcc/arm-none-eabi/13.3.1/../../../../arm-none-eabi/lib/thumb/v7e-m+dp/hard/libc_nano.a(libc_a-fwalk.o)
                              /opt/st/stm32cubeide_2.0.0/plugins/com.st.stm32cube.ide.mcu.externaltools.gnu-tools-for-stm32.13.3.rel1.linux64_1.0.100.202509120712/tools/bin/../lib/gcc/arm-none-eabi/13.3.1/../../../../arm-none-eabi/lib/thumb/v7e-m+dp/hard/libc_nano.a(libc_a-findfp.o) (_fwalk_sglue)
/opt/st/stm32cubeide_2.0.0/plugins/com.st.stm32cube.ide.mcu.externaltools.gnu-tools-for-stm32.13.3.rel1.linux64_1.0.100.202509120712/tools/bin/../lib/gcc/arm-none-eabi/13.3.1/../../../../arm-none-eabi/lib/thumb/v7e-m+dp/hard/libc_nano.a(libc_a-stdio.o)
                              /opt/st/stm32cubeide_2.0.0/plugins/com.st.stm32cube.ide.mcu.externaltools.gnu-tools-for-stm32.13.3.rel1.linux64_1.0.100.202509120712/tools/bin/../lib/gcc/arm-none-eabi/13.3.1/../../../../arm-none-eabi/lib/thumb/v7e-m+dp/hard/libc_nano.a(libc_a-findfp.o) (__sread)
/opt/st/stm32cubeide_2.0.0/plugins/com.st.stm32cube.ide.mcu.externaltools.gnu-tools-for-stm32.13.3.rel1.linux64_1.0.100.202509120712/tools/bin/../lib/gcc/arm-none-eabi/13.3.1/../../../../arm-none-eabi/lib/thumb/v7e-m+dp/hard/libc_nano.a(libc_a-memset.o)
                              /opt/st/stm32cubeide_2.0.0/plugins/com.st.stm32cube.ide.mcu.externaltools.gnu-tools-for-stm32.13.3.rel1.linux64_1.0.100.202509120712/tools/bin/../lib/gcc/arm-none-eabi/13.3.1/../../../../arm-none-eabi/lib/thumb/v7e-m+dp/hard/crt0.o (memset)
/opt/st/stm32cubeide_2.0.0/plugins/com.st.stm32cube.ide.mcu.externaltools.gnu-tools-for-stm32.13.3.rel1.linux64_1.0.100.202509120712/tools/bin/../lib/gcc/arm-none-eabi/13.3.1/../../../../arm-none-eabi/lib/thumb/v7e-m+dp/hard/libc_nano.a(libc_a-closer.o)
                              /opt/st/stm32cubeide_2.0.0/plugins/com.st.stm32cube.ide.mcu.externaltools.gnu-tools-for-stm32.13.3.rel1.linux64_1.0.100.202509120712/tools/bin/../lib/gcc/arm-none-eabi/13.3.1/../../../../arm-none-eabi/lib/thumb/v7e-m+dp/hard/libc_nano.a(libc_a-stdio.o) (_close_r)
/opt/st/stm32cubeide_2.0.0/plugins/com.st.stm32cube.ide.mcu.externaltools.gnu-tools-for-stm32.13.3.rel1.linux64_1.0.100.202509120712/tools/bin/../lib/gcc/arm-none-eabi/13.3.1/../../../../arm-none-eabi/lib/thumb/v7e-m+dp/hard/libc_nano.a(libc_a-reent.o)
                              /opt/st/stm32cubeide_2.0.0/plugins/com.st.stm32cube.ide.mcu.externaltools.gnu-tools-for-stm32.13.3.rel1.linux64_1.0.100.202509120712/tools/bin/../lib/gcc/arm-none-eabi/13.3.1/../../../../arm-none-eabi/lib/thumb/v7e-m+dp/hard/libc_nano.a(libc_a-closer.o) (errno)
/opt/st/stm32cubeide_2.0.0/plugins/com.st.stm32cube.ide.mcu.externaltools.gnu-tools-for-stm32.13.3.rel1.linux64_1.0.100.202509120712/tools/bin/../lib/gcc/arm-none-eabi/13.3.1/../../../../arm-none-eabi/lib/thumb/v7e-m+dp/hard/libc_nano.a(libc_a-impure.o)
                              /opt/st/stm32cubeide_2.0.0/plugins/com.st.stm32cube.ide.mcu.externaltools.gnu-tools-for-stm32.13.3.rel1.linux64_1.0.100.202509120712/tools/bin/../lib/gcc/arm-none-eabi/13.3.1/../../../../arm-none-eabi/lib/thumb/v7e-m+dp/hard/libc_nano.a(libc_a-reent.o) (_impure_ptr)
/opt/st/stm32cubeide_2.0.0/plugins/com.st.stm32cube.ide.mcu.externaltools.gnu-tools-for-stm32.13.3.rel1.linux64_1.0.100.202509120712/tools/bin/../lib/gcc/arm-none-eabi/13.3.1/../../../../arm-none-eabi/lib/thumb/v7e-m+dp/hard/libc_nano.a(libc_a-lseekr.o)
                              /opt/st/stm32cubeide_2.0.0/plugins/com.st.stm32cube.ide.mcu.externaltools.gnu-tools-for-stm32.13.3.rel1.linux64_1.0.100.202509120712/tools/bin/../lib/gcc/arm-none-eabi/13.3.1/../../../../arm-none-eabi/lib/thumb/v7e-m+dp/hard/libc_nano.a(libc_a-stdio.o) (_lseek_r)
[...]
Memory Configuration

Name             Origin             Length             Attributes
ITCMRAM          0x00000000         0x00010000         xrw
FLASH            0x08000000         0x00200000         xr
DTCMRAM1         0x20000000         0x00010000         xrw
DTCMRAM2         0x20010000         0x00010000         xrw
RAM              0x24000000         0x00100000         xrw
RAM_CD           0x30000000         0x00020000         xrw
RAM_SRD          0x38000000         0x00008000         xrw
*default*        0x00000000         0xffffffff

Linker script and memory map

LOAD /opt/st/stm32cubeide_2.0.0/plugins/com.st.stm32cube.ide.mcu.externaltools.gnu-tools-for-stm32.13.3.rel1.linux64_1.0.100.202509120712/tools/bin/../lib/gcc/arm-none-eabi/13.3.1/thumb/v7e-m+dp/hard/crti.o
LOAD /opt/st/stm32cubeide_2.0.0/plugins/com.st.stm32cube.ide.mcu.externaltools.gnu-tools-for-stm32.13.3.rel1.linux64_1.0.100.202509120712/tools/bin/../lib/gcc/arm-none-eabi/13.3.1/thumb/v7e-m+dp/hard/crtbegin.o
LOAD /opt/st/stm32cubeide_2.0.0/plugins/com.st.stm32cube.ide.mcu.externaltools.gnu-tools-for-stm32.13.3.rel1.linux64_1.0.100.202509120712/tools/bin/../lib/gcc/arm-none-eabi/13.3.1/../../../../arm-none-eabi/lib/thumb/v7e-m+dp/hard/crt0.o
LOAD ./Core/Src/main.o
LOAD ./Core/Src/stm32h7xx_hal_msp.o
LOAD ./Core/Src/stm32h7xx_it.o
LOAD ./Core/Src/syscalls.o
LOAD ./Core/Src/sysmem.o
LOAD ./Core/Src/system_stm32h7xx.o
LOAD ./Core/Startup/startup_stm32h7a3zitxq.o
LOAD ./Drivers/STM32H7xx_HAL_Driver/Src/stm32h7xx_hal.o
LOAD ./Drivers/STM32H7xx_HAL_Driver/Src/stm32h7xx_hal_cortex.o
LOAD ./Drivers/STM32H7xx_HAL_Driver/Src/stm32h7xx_hal_dma.o
LOAD ./Drivers/STM32H7xx_HAL_Driver/Src/stm32h7xx_hal_dma_ex.o
LOAD ./Drivers/STM32H7xx_HAL_Driver/Src/stm32h7xx_hal_exti.o
LOAD ./Drivers/STM32H7xx_HAL_Driver/Src/stm32h7xx_hal_flash.o
LOAD ./Drivers/STM32H7xx_HAL_Driver/Src/stm32h7xx_hal_flash_ex.o
LOAD ./Drivers/STM32H7xx_HAL_Driver/Src/stm32h7xx_hal_gpio.o
LOAD ./Drivers/STM32H7xx_HAL_Driver/Src/stm32h7xx_hal_hsem.o
LOAD ./Drivers/STM32H7xx_HAL_Driver/Src/stm32h7xx_hal_i2c.o
LOAD ./Drivers/STM32H7xx_HAL_Driver/Src/stm32h7xx_hal_i2c_ex.o
LOAD ./Drivers/STM32H7xx_HAL_Driver/Src/stm32h7xx_hal_mdma.o
LOAD ./Drivers/STM32H7xx_HAL_Driver/Src/stm32h7xx_hal_pwr.o
LOAD ./Drivers/STM32H7xx_HAL_Driver/Src/stm32h7xx_hal_pwr_ex.o
LOAD ./Drivers/STM32H7xx_HAL_Driver/Src/stm32h7xx_hal_rcc.o
LOAD ./Drivers/STM32H7xx_HAL_Driver/Src/stm32h7xx_hal_rcc_ex.o
LOAD ./Drivers/STM32H7xx_HAL_Driver/Src/stm32h7xx_hal_tim.o
LOAD ./Drivers/STM32H7xx_HAL_Driver/Src/stm32h7xx_hal_tim_ex.o
START GROUP
LOAD /opt/st/stm32cubeide_2.0.0/plugins/com.st.stm32cube.ide.mcu.externaltools.gnu-tools-for-stm32.13.3.rel1.linux64_1.0.100.202509120712/tools/bin/../lib/gcc/arm-none-eabi/13.3.1/../../../../arm-none-eabi/lib/thumb/v7e-m+dp/hard/libc_nano.a
LOAD /opt/st/stm32cubeide_2.0.0/plugins/com.st.stm32cube.ide.mcu.externaltools.gnu-tools-for-stm32.13.3.rel1.linux64_1.0.100.202509120712/tools/bin/../lib/gcc/arm-none-eabi/13.3.1/../../../../arm-none-eabi/lib/thumb/v7e-m+dp/hard/libm.a
END GROUP
START GROUP
LOAD /opt/st/stm32cubeide_2.0.0/plugins/com.st.stm32cube.ide.mcu.externaltools.gnu-tools-for-stm32.13.3.rel1.linux64_1.0.100.202509120712/tools/bin/../lib/gcc/arm-none-eabi/13.3.1/thumb/v7e-m+dp/hard/libgcc.a
LOAD /opt/st/stm32cubeide_2.0.0/plugins/com.st.stm32cube.ide.mcu.externaltools.gnu-tools-for-stm32.13.3.rel1.linux64_1.0.100.202509120712/tools/bin/../lib/gcc/arm-none-eabi/13.3.1/../../../../arm-none-eabi/lib/thumb/v7e-m+dp/hard/libc_nano.a
END GROUP
START GROUP
LOAD /opt/st/stm32cubeide_2.0.0/plugins/com.st.stm32cube.ide.mcu.externaltools.gnu-tools-for-stm32.13.3.rel1.linux64_1.0.100.202509120712/tools/bin/../lib/gcc/arm-none-eabi/13.3.1/thumb/v7e-m+dp/hard/libgcc.a
LOAD /opt/st/stm32cubeide_2.0.0/plugins/com.st.stm32cube.ide.mcu.externaltools.gnu-tools-for-stm32.13.3.rel1.linux64_1.0.100.202509120712/tools/bin/../lib/gcc/arm-none-eabi/13.3.1/../../../../arm-none-eabi/lib/thumb/v7e-m+dp/hard/libc_nano.a
LOAD /opt/st/stm32cubeide_2.0.0/plugins/com.st.stm32cube.ide.mcu.externaltools.gnu-tools-for-stm32.13.3.rel1.linux64_1.0.100.202509120712/tools/bin/../lib/gcc/arm-none-eabi/13.3.1/../../../../arm-none-eabi/lib/thumb/v7e-m+dp/hard/libnosys.a
END GROUP
START GROUP
LOAD /opt/st/stm32cubeide_2.0.0/plugins/com.st.stm32cube.ide.mcu.externaltools.gnu-tools-for-stm32.13.3.rel1.linux64_1.0.100.202509120712/tools/bin/../lib/gcc/arm-none-eabi/13.3.1/thumb/v7e-m+dp/hard/libgcc.a
LOAD /opt/st/stm32cubeide_2.0.0/plugins/com.st.stm32cube.ide.mcu.externaltools.gnu-tools-for-stm32.13.3.rel1.linux64_1.0.100.202509120712/tools/bin/../lib/gcc/arm-none-eabi/13.3.1/../../../../arm-none-eabi/lib/thumb/v7e-m+dp/hard/libc_nano.a
LOAD /opt/st/stm32cubeide_2.0.0/plugins/com.st.stm32cube.ide.mcu.externaltools.gnu-tools-for-stm32.13.3.rel1.linux64_1.0.100.202509120712/tools/bin/../lib/gcc/arm-none-eabi/13.3.1/../../../../arm-none-eabi/lib/thumb/v7e-m+dp/hard/libnosys.a
END GROUP
LOAD /opt/st/stm32cubeide_2.0.0/plugins/com.st.stm32cube.ide.mcu.externaltools.gnu-tools-for-stm32.13.3.rel1.linux64_1.0.100.202509120712/tools/bin/../lib/gcc/arm-none-eabi/13.3.1/thumb/v7e-m+dp/hard/crtend.o
LOAD /opt/st/stm32cubeide_2.0.0/plugins/com.st.stm32cube.ide.mcu.externaltools.gnu-tools-for-stm32.13.3.rel1.linux64_1.0.100.202509120712/tools/bin/../lib/gcc/arm-none-eabi/13.3.1/thumb/v7e-m+dp/hard/crtn.o
                0x24100000                        _estack = (ORIGIN (RAM) + LENGTH (RAM))
                0x00000200                        _Min_Heap_Size = 0x200
                0x00000400                        _Min_Stack_Size = 0x400

.isr_vector     0x08000000      0x2ac
                0x08000000                        . = ALIGN (0x4)
 *(.isr_vector)
 .isr_vector    0x08000000      0x2ac ./Core/Startup/startup_stm32h7a3zitxq.o
                0x08000000                g_pfnVectors
                0x080002ac                        . = ALIGN (0x4)

.text           0x080002ac     0x1dcc
                0x080002ac                        . = ALIGN (0x4)
 *(.text)
 .text          0x080002ac       0x40 /opt/st/stm32cubeide_2.0.0/plugins/com.st.stm32cube.ide.mcu.externaltools.gnu-tools-for-stm32.13.3.rel1.linux64_1.0.100.202509120712/tools/bin/../lib/gcc/arm-none-eabi/13.3.1/thumb/v7e-m+dp/hard/crtbegin.o
 *(.text*)
 .text.main     0x080002ec       0x18 ./Core/Src/main.o
                0x080002ec                main
 .text.SystemClock_Config
                0x08000304       0xec ./Core/Src/main.o
                0x08000304                SystemClock_Config
 .text.MX_GPIO_Init
                0x080003f0      0x168 ./Core/Src/main.o
 .text.MPU_Config
                0x08000558       0x58 ./Core/Src/main.o
 .text.Error_Handler
                0x080005b0        0xc ./Core/Src/main.o
                0x080005b0                Error_Handler
 .text.HAL_MspInit
                0x080005bc       0x34 ./Core/Src/stm32h7xx_hal_msp.o
                0x080005bc                HAL_MspInit
 .text.NMI_Handler
                0x080005f0        0x8 ./Core/Src/stm32h7xx_it.o
                0x080005f0                NMI_Handler
 .text.HardFault_Handler
                0x080005f8        0x8 ./Core/Src/stm32h7xx_it.o
                0x080005f8                HardFault_Handler
 .text.MemManage_Handler
                0x08000600        0x8 ./Core/Src/stm32h7xx_it.o
                0x08000600                MemManage_Handler
 .text.BusFault_Handler
                0x08000608        0x8 ./Core/Src/stm32h7xx_it.o
                0x08000608                BusFault_Handler
 .text.UsageFault_Handler
                0x08000610        0x8 ./Core/Src/stm32h7xx_it.o
                0x08000610                UsageFault_Handler
 .text.SVC_Handler
                0x08000618        0xe ./Core/Src/stm32h7xx_it.o
                0x08000618                SVC_Handler
 .text.DebugMon_Handler
                0x08000626        0xe ./Core/Src/stm32h7xx_it.o
                0x08000626                DebugMon_Handler
 .text.PendSV_Handler
                0x08000634        0xe ./Core/Src/stm32h7xx_it.o
                0x08000634                PendSV_Handler
 .text.SysTick_Handler
                0x08000642        0xc ./Core/Src/stm32h7xx_it.o
                0x08000642                SysTick_Handler
 *fill*         0x0800064e        0x2 
 .text.EXTI15_10_IRQHandler
                0x08000650       0x88 ./Core/Src/stm32h7xx_it.o
                0x08000650                EXTI15_10_IRQHandler
 .text.SystemInit
                0x080006d8      0x120 ./Core/Src/system_stm32h7xx.o
                0x080006d8                SystemInit
 .text.ExitRun0Mode
                0x080007f8       0x30 ./Core/Src/system_stm32h7xx.o
                0x080007f8                ExitRun0Mode
 .text.Reset_Handler
                0x08000828       0x54 ./Core/Startup/startup_stm32h7a3zitxq.o
                0x08000828                Reset_Handler
 .text.Default_Handler
                0x0800087c        0x2 ./Core/Startup/startup_stm32h7a3zitxq.o
                0x0800087c                RTC_Alarm_IRQHandler
                0x0800087c                EXTI2_IRQHandler
                0x0800087c                TIM8_CC_IRQHandler
                0x0800087c                UART8_IRQHandler
                0x0800087c                BDMA2_Channel1_IRQHandler
                0x0800087c                SPI4_IRQHandler
                0x0800087c                BDMA2_Channel0_IRQHandler
                0x0800087c                TIM1_CC_IRQHandler
                0x0800087c                DMA2_Stream5_IRQHandler
                0x0800087c                JPEG_IRQHandler
                0x0800087c                DMA1_Stream5_IRQHandler
                0x0800087c                EXTI3_IRQHandler
                0x0800087c                LPTIM4_IRQHandler
                0x0800087c                TIM8_TRG_COM_TIM14_IRQHandler
                0x0800087c                LPTIM2_IRQHandler
                0x0800087c                DFSDM1_FLT1_IRQHandler
                0x0800087c                DMAMUX2_OVR_IRQHandler
                0x0800087c                GFXMMU_IRQHandler
                0x0800087c                TIM8_UP_TIM13_IRQHandler
                0x0800087c                I2C3_ER_IRQHandler
                0x0800087c                DFSDM1_FLT2_IRQHandler
                0x0800087c                USART10_IRQHandler
                0x0800087c                MDMA_IRQHandler
                0x0800087c                LPTIM3_IRQHandler
                0x0800087c                BDMA2_Channel3_IRQHandler
                0x0800087c                HSEM1_IRQHandler
                0x0800087c                EXTI0_IRQHandler
                0x0800087c                I2C2_EV_IRQHandler
                0x0800087c                DAC2_IRQHandler
                0x0800087c                DMA1_Stream2_IRQHandler
                0x0800087c                FPU_IRQHandler
                0x0800087c                OTG_HS_WKUP_IRQHandler
                0x0800087c                FDCAN1_IT1_IRQHandler
                0x0800087c                LTDC_ER_IRQHandler
                0x0800087c                DMA2_Stream2_IRQHandler
                0x0800087c                SPI1_IRQHandler
                0x0800087c                OCTOSPI1_IRQHandler
                0x0800087c                TIM6_DAC_IRQHandler
                0x0800087c                BDMA2_Channel6_IRQHandler
                0x0800087c                DMA2_Stream3_IRQHandler
                0x0800087c                OCTOSPI2_IRQHandler
                0x0800087c                SAI2_IRQHandler
                0x0800087c                BDMA1_IRQHandler
                0x0800087c                DFSDM1_FLT3_IRQHandler
                0x0800087c                USART6_IRQHandler
                0x0800087c                TIM17_IRQHandler
                0x0800087c                USART3_IRQHandler
                0x0800087c                LPTIM5_IRQHandler
                0x0800087c                UART5_IRQHandler
                0x0800087c                DMA2_Stream0_IRQHandler
                0x0800087c                TIM4_IRQHandler
                0x0800087c                I2C1_EV_IRQHandler
                0x0800087c                DMA1_Stream6_IRQHandler
                0x0800087c                DMAMUX1_OVR_IRQHandler
                0x0800087c                DMA1_Stream1_IRQHandler
                0x0800087c                TIM16_IRQHandler
                0x0800087c                UART4_IRQHandler
                0x0800087c                TIM3_IRQHandler
                0x0800087c                RCC_IRQHandler
                0x0800087c                UART9_IRQHandler
                0x0800087c                TIM8_BRK_TIM12_IRQHandler
                0x0800087c                TIM1_TRG_COM_IRQHandler
                0x0800087c                Default_Handler
                0x0800087c                ECC_IRQHandler
                0x0800087c                BDMA2_Channel2_IRQHandler
                0x0800087c                CEC_IRQHandler
                0x0800087c                DFSDM1_FLT4_IRQHandler
                0x0800087c                ADC_IRQHandler
                0x0800087c                DMA1_Stream7_IRQHandler
                0x0800087c                SPI5_IRQHandler
                0x0800087c                TIM7_IRQHandler
                0x0800087c                SDMMC1_IRQHandler
                0x0800087c                TIM5_IRQHandler
                0x0800087c                DMA2_Stream7_IRQHandler
                0x0800087c                TIM15_IRQHandler
                0x0800087c                I2C3_EV_IRQHandler
                0x0800087c                DFSDM2_IRQHandler
                0x0800087c                EXTI9_5_IRQHandler
                0x0800087c                RTC_WKUP_IRQHandler
                0x0800087c                LTDC_IRQHandler
                0x0800087c                SPDIF_RX_IRQHandler
                0x0800087c                PVD_PVM_IRQHandler
                0x0800087c                SPI2_IRQHandler
                0x0800087c                OTG_HS_EP1_IN_IRQHandler
                0x0800087c                DFSDM1_FLT5_IRQHandler
                0x0800087c                DMA1_Stream0_IRQHandler
                0x0800087c                CRS_IRQHandler
                0x0800087c                EXTI4_IRQHandler
                0x0800087c                DFSDM1_FLT6_IRQHandler
                0x0800087c                RNG_IRQHandler
                0x0800087c                FDCAN2_IT1_IRQHandler
                0x0800087c                COMP_IRQHandler
                0x0800087c                TIM1_UP_IRQHandler
                0x0800087c                OTG_HS_EP1_OUT_IRQHandler
                0x0800087c                WWDG_IRQHandler
                0x0800087c                SPI6_IRQHandler
                0x0800087c                MDIOS_IRQHandler
                0x0800087c                I2C4_EV_IRQHandler
                0x0800087c                FDCAN2_IT0_IRQHandler
                0x0800087c                LPUART1_IRQHandler
                0x0800087c                FDCAN1_IT0_IRQHandler
                0x0800087c                TIM2_IRQHandler
                0x0800087c                BDMA2_Channel5_IRQHandler
                0x0800087c                OTG_HS_IRQHandler
                0x0800087c                DMA2D_IRQHandler
                0x0800087c                TIM1_BRK_IRQHandler
                0x0800087c                EXTI1_IRQHandler
                0x0800087c                SDMMC2_IRQHandler
                0x0800087c                DTS_IRQHandler
                0x0800087c                UART7_IRQHandler
                0x0800087c                MDIOS_WKUP_IRQHandler
                0x0800087c                USART2_IRQHandler
                0x0800087c                DFSDM1_FLT0_IRQHandler
                0x0800087c                I2C2_ER_IRQHandler
                0x0800087c                DMA2_Stream1_IRQHandler
                0x0800087c                DFSDM1_FLT7_IRQHandler
                0x0800087c                FLASH_IRQHandler
                0x0800087c                DMA2_Stream4_IRQHandler
                0x0800087c                USART1_IRQHandler
                0x0800087c                SPI3_IRQHandler
                0x0800087c                WAKEUP_PIN_IRQHandler
                0x0800087c                DMA1_Stream4_IRQHandler
                0x0800087c                I2C1_ER_IRQHandler
                0x0800087c                FMC_IRQHandler
                0x0800087c                BDMA2_Channel7_IRQHandler
                0x0800087c                FDCAN_CAL_IRQHandler
                0x0800087c                SWPMI1_IRQHandler
                0x0800087c                LPTIM1_IRQHandler
                0x0800087c                DCMI_PSSI_IRQHandler
                0x0800087c                I2C4_ER_IRQHandler
                0x0800087c                DMA2_Stream6_IRQHandler
                0x0800087c                SAI1_IRQHandler
                0x0800087c                DMA1_Stream3_IRQHandler
                0x0800087c                RTC_TAMP_STAMP_CSS_LSE_IRQHandler
                0x0800087c                BDMA2_Channel4_IRQHandler
 *fill*         0x0800087e        0x2 
 .text.HAL_Init
                0x08000880       0x78 ./Drivers/STM32H7xx_HAL_Driver/Src/stm32h7xx_hal.o
                0x08000880                HAL_Init
 .text.HAL_InitTick
                0x080008f8       0x6c ./Drivers/STM32H7xx_HAL_Driver/Src/stm32h7xx_hal.o
                0x080008f8                HAL_InitTick
 .text.HAL_IncTick
                0x08000964       0x28 ./Drivers/STM32H7xx_HAL_Driver/Src/stm32h7xx_hal.o
                0x08000964                HAL_IncTick
 .text.HAL_GetTick
                0x0800098c       0x18 ./Drivers/STM32H7xx_HAL_Driver/Src/stm32h7xx_hal.o
                0x0800098c                HAL_GetTick
 .text.__NVIC_SetPriorityGrouping
                0x080009a4       0x48 ./Drivers/STM32H7xx_HAL_Driver/Src/stm32h7xx_hal_cortex.o
 .text.__NVIC_GetPriorityGrouping
                0x080009ec       0x1c ./Drivers/STM32H7xx_HAL_Driver/Src/stm32h7xx_hal_cortex.o
 .text.__NVIC_EnableIRQ
                0x08000a08       0x3c ./Drivers/STM32H7xx_HAL_Driver/Src/stm32h7xx_hal_cortex.o
 .text.__NVIC_SetPriority
                0x08000a44       0x54 ./Drivers/STM32H7xx_HAL_Driver/Src/stm32h7xx_hal_cortex.o
 .text.NVIC_EncodePriority
                0x08000a98       0x66 ./Drivers/STM32H7xx_HAL_Driver/Src/stm32h7xx_hal_cortex.o
 *fill*         0x08000afe        0x2 
 .text.SysTick_Config
                0x08000b00       0x44 ./Drivers/STM32H7xx_HAL_Driver/Src/stm32h7xx_hal_cortex.o
 .text.HAL_NVIC_SetPriorityGrouping
                0x08000b44       0x16 ./Drivers/STM32H7xx_HAL_Driver/Src/stm32h7xx_hal_cortex.o
                0x08000b44                HAL_NVIC_SetPriorityGrouping
 .text.HAL_NVIC_SetPriority
                0x08000b5a       0x34 ./Drivers/STM32H7xx_HAL_Driver/Src/stm32h7xx_hal_cortex.o
                0x08000b5a                HAL_NVIC_SetPriority
 .text.HAL_NVIC_EnableIRQ
                0x08000b8e       0x1c ./Drivers/STM32H7xx_HAL_Driver/Src/stm32h7xx_hal_cortex.o
                0x08000b8e                HAL_NVIC_EnableIRQ
 .text.HAL_SYSTICK_Config
                0x08000baa       0x18 ./Drivers/STM32H7xx_HAL_Driver/Src/stm32h7xx_hal_cortex.o
                0x08000baa                HAL_SYSTICK_Config
 *fill*         0x08000bc2        0x2 
 .text.HAL_MPU_Disable
                0x08000bc4       0x30 ./Drivers/STM32H7xx_HAL_Driver/Src/stm32h7xx_hal_cortex.o
                0x08000bc4                HAL_MPU_Disable
 .text.HAL_MPU_Enable
                0x08000bf4       0x40 ./Drivers/STM32H7xx_HAL_Driver/Src/stm32h7xx_hal_cortex.o
                0x08000bf4                HAL_MPU_Enable
 .text.HAL_MPU_ConfigRegion
                0x08000c34       0x80 ./Drivers/STM32H7xx_HAL_Driver/Src/stm32h7xx_hal_cortex.o
                0x08000c34                HAL_MPU_ConfigRegion
 .text.HAL_GPIO_Init
                0x08000cb4      0x360 ./Drivers/STM32H7xx_HAL_Driver/Src/stm32h7xx_hal_gpio.o
                0x08000cb4                HAL_GPIO_Init
 .text.HAL_GPIO_WritePin
                0x08001014       0x32 ./Drivers/STM32H7xx_HAL_Driver/Src/stm32h7xx_hal_gpio.o
                0x08001014                HAL_GPIO_WritePin
 .text.HAL_GPIO_EXTI_IRQHandler
                0x08001046       0x34 ./Drivers/STM32H7xx_HAL_Driver/Src/stm32h7xx_hal_gpio.o
                0x08001046                HAL_GPIO_EXTI_IRQHandler
 .text.HAL_GPIO_EXTI_Callback
                0x0800107a       0x16 ./Drivers/STM32H7xx_HAL_Driver/Src/stm32h7xx_hal_gpio.o
                0x0800107a                HAL_GPIO_EXTI_Callback
 .text.HAL_PWREx_ConfigSupply
                0x08001090       0xb4 ./Drivers/STM32H7xx_HAL_Driver/Src/stm32h7xx_hal_pwr_ex.o
                0x08001090                HAL_PWREx_ConfigSupply
 .text.HAL_RCC_OscConfig
                0x08001144      0x864 ./Drivers/STM32H7xx_HAL_Driver/Src/stm32h7xx_hal_rcc.o
                0x08001144                HAL_RCC_OscConfig
 .text.HAL_RCC_ClockConfig
                0x080019a8      0x36c ./Drivers/STM32H7xx_HAL_Driver/Src/stm32h7xx_hal_rcc.o
                0x080019a8                HAL_RCC_ClockConfig
 .text.HAL_RCC_GetSysClockFreq
                0x08001d14      0x2f4 ./Drivers/STM32H7xx_HAL_Driver/Src/stm32h7xx_hal_rcc.o
                0x08001d14                HAL_RCC_GetSysClockFreq
 .text.memset   0x08002008       0x10 /opt/st/stm32cubeide_2.0.0/plugins/com.st.stm32cube.ide.mcu.externaltools.gnu-tools-for-stm32.13.3.rel1.linux64_1.0.100.202509120712/tools/bin/../lib/gcc/arm-none-eabi/13.3.1/../../../../arm-none-eabi/lib/thumb/v7e-m+dp/hard/libc_nano.a(libc_a-memset.o)
                0x08002008                memset
 .text.__libc_init_array
                0x08002018       0x48 /opt/st/stm32cubeide_2.0.0/plugins/com.st.stm32cube.ide.mcu.externaltools.gnu-tools-for-stm32.13.3.rel1.linux64_1.0.100.202509120712/tools/bin/../lib/gcc/arm-none-eabi/13.3.1/../../../../arm-none-eabi/lib/thumb/v7e-m+dp/hard/libc_nano.a(libc_a-init.o)
                0x08002018                __libc_init_array
 *(.glue_7)
 .glue_7        0x08002060        0x0 linker stubs
 *(.glue_7t)
 .glue_7t       0x08002060        0x0 linker stubs
 *(.eh_frame)
 .eh_frame      0x08002060        0x0 /opt/st/stm32cubeide_2.0.0/plugins/com.st.stm32cube.ide.mcu.externaltools.gnu-tools-for-stm32.13.3.rel1.linux64_1.0.100.202509120712/tools/bin/../lib/gcc/arm-none-eabi/13.3.1/thumb/v7e-m+dp/hard/crtbegin.o
 *(.init)
 .init          0x08002060        0x4 /opt/st/stm32cubeide_2.0.0/plugins/com.st.stm32cube.ide.mcu.externaltools.gnu-tools-for-stm32.13.3.rel1.linux64_1.0.100.202509120712/tools/bin/../lib/gcc/arm-none-eabi/13.3.1/thumb/v7e-m+dp/hard/crti.o
                0x08002060                _init
 .init          0x08002064        0x8 /opt/st/stm32cubeide_2.0.0/plugins/com.st.stm32cube.ide.mcu.externaltools.gnu-tools-for-stm32.13.3.rel1.linux64_1.0.100.202509120712/tools/bin/../lib/gcc/arm-none-eabi/13.3.1/thumb/v7e-m+dp/hard/crtn.o
 *(.fini)
 .fini          0x0800206c        0x4 /opt/st/stm32cubeide_2.0.0/plugins/com.st.stm32cube.ide.mcu.externaltools.gnu-tools-for-stm32.13.3.rel1.linux64_1.0.100.202509120712/tools/bin/../lib/gcc/arm-none-eabi/13.3.1/thumb/v7e-m+dp/hard/crti.o
                0x0800206c                _fini
 .fini          0x08002070        0x8 /opt/st/stm32cubeide_2.0.0/plugins/com.st.stm32cube.ide.mcu.externaltools.gnu-tools-for-stm32.13.3.rel1.linux64_1.0.100.202509120712/tools/bin/../lib/gcc/arm-none-eabi/13.3.1/thumb/v7e-m+dp/hard/crtn.o
                0x08002078                        . = ALIGN (0x4)
                0x08002078                        _etext = .

.vfp11_veneer   0x08002078        0x0
 .vfp11_veneer  0x08002078        0x0 linker stubs

.v4_bx          0x08002078        0x0
 .v4_bx         0x08002078        0x0 linker stubs

.iplt           0x08002078        0x0
 .iplt          0x08002078        0x0 /opt/st/stm32cubeide_2.0.0/plugins/com.st.stm32cube.ide.mcu.externaltools.gnu-tools-for-stm32.13.3.rel1.linux64_1.0.100.202509120712/tools/bin/../lib/gcc/arm-none-eabi/13.3.1/thumb/v7e-m+dp/hard/crtbegin.o

.rodata         0x08002078       0x10
                0x08002078                        . = ALIGN (0x4)
 *(.rodata)
 *(.rodata*)
 .rodata.D1CorePrescTable
                0x08002078       0x10 ./Core/Src/system_stm32h7xx.o
                0x08002078                D1CorePrescTable
                0x08002088                        . = ALIGN (0x4)

.ARM.extab
 *(.ARM.extab* .gnu.linkonce.armextab.*)

.ARM            0x08002088        0x0
                0x08002088                        __exidx_start = .
 *(.ARM.exidx*)
                0x08002088                        __exidx_end = .

.preinit_array  0x08002088        0x0
                0x08002088                        PROVIDE (__preinit_array_start = .)
 *(.preinit_array*)
                0x08002088                        PROVIDE (__preinit_array_end = .)

.init_array     0x08002088        0x4
                0x08002088                        PROVIDE (__init_array_start = .)
 *(SORT_BY_NAME(.init_array.*))
 *(.init_array*)
 .init_array    0x08002088        0x4 /opt/st/stm32cubeide_2.0.0/plugins/com.st.stm32cube.ide.mcu.externaltools.gnu-tools-for-stm32.13.3.rel1.linux64_1.0.100.202509120712/tools/bin/../lib/gcc/arm-none-eabi/13.3.1/thumb/v7e-m+dp/hard/crtbegin.o
                0x0800208c                        PROVIDE (__init_array_end = .)

.fini_array     0x0800208c        0x4
                [!provide]                        PROVIDE (__fini_array_start = .)
 *(SORT_BY_NAME(.fini_array.*))
 *(.fini_array*)
 .fini_array    0x0800208c        0x4 /opt/st/stm32cubeide_2.0.0/plugins/com.st.stm32cube.ide.mcu.externaltools.gnu-tools-for-stm32.13.3.rel1.linux64_1.0.100.202509120712/tools/bin/../lib/gcc/arm-none-eabi/13.3.1/thumb/v7e-m+dp/hard/crtbegin.o
                [!provide]                        PROVIDE (__fini_array_end = .)
                0x08002090                        _sidata = LOADADDR (.data)

.rel.dyn        0x08002090        0x0
 .rel.iplt      0x08002090        0x0 /opt/st/stm32cubeide_2.0.0/plugins/com.st.stm32cube.ide.mcu.externaltools.gnu-tools-for-stm32.13.3.rel1.linux64_1.0.100.202509120712/tools/bin/../lib/gcc/arm-none-eabi/13.3.1/thumb/v7e-m+dp/hard/crtbegin.o

.data           0x24000000       0x10 load address 0x08002090
                0x24000000                        . = ALIGN (0x4)
                0x24000000                        _sdata = .
 *(.data)
 *(.data*)
 .data.SystemCoreClock
                0x24000000        0x4 ./Core/Src/system_stm32h7xx.o
                0x24000000                SystemCoreClock
 .data.SystemD2Clock
                0x24000004        0x4 ./Core/Src/system_stm32h7xx.o
                0x24000004                SystemD2Clock
 .data.uwTickPrio
                0x24000008        0x4 ./Drivers/STM32H7xx_HAL_Driver/Src/stm32h7xx_hal.o
                0x24000008                uwTickPrio
 .data.uwTickFreq
                0x2400000c        0x1 ./Drivers/STM32H7xx_HAL_Driver/Src/stm32h7xx_hal.o
                0x2400000c                uwTickFreq
 *(.RamFunc)
 *(.RamFunc*)
                0x24000010                        . = ALIGN (0x4)
 *fill*         0x2400000d        0x3 
                0x24000010                        _edata = .

.igot.plt       0x24000010        0x0 load address 0x080020a0
 .igot.plt      0x24000010        0x0 /opt/st/stm32cubeide_2.0.0/plugins/com.st.stm32cube.ide.mcu.externaltools.gnu-tools-for-stm32.13.3.rel1.linux64_1.0.100.202509120712/tools/bin/../lib/gcc/arm-none-eabi/13.3.1/thumb/v7e-m+dp/hard/crtbegin.o
                0x24000010                        . = ALIGN (0x4)

.bss            0x24000010       0x24 load address 0x080020a0
                0x24000010                        _sbss = .
                0x24000010                        __bss_start__ = _sbss
 *(.bss)
 .bss           0x24000010       0x1c /opt/st/stm32cubeide_2.0.0/plugins/com.st.stm32cube.ide.mcu.externaltools.gnu-tools-for-stm32.13.3.rel1.linux64_1.0.100.202509120712/tools/bin/../lib/gcc/arm-none-eabi/13.3.1/thumb/v7e-m+dp/hard/crtbegin.o
 *(.bss*)
 .bss.state     0x2400002c        0x1 ./Core/Src/stm32h7xx_it.o
                0x2400002c                state
 *fill*         0x2400002d        0x3 
 .bss.uwTick    0x24000030        0x4 ./Drivers/STM32H7xx_HAL_Driver/Src/stm32h7xx_hal.o
                0x24000030                uwTick
 *(COMMON)
                0x24000034                        . = ALIGN (0x4)
                0x24000034                        _ebss = .
                0x24000034                        __bss_end__ = _ebss

._user_heap_stack
                0x24000034      0x604 load address 0x080020a0
                0x24000038                        . = ALIGN (0x8)
 *fill*         0x24000034        0x4 
                [!provide]                        PROVIDE (end = .)
                0x24000038                        PROVIDE (_end = .)
                0x24000238                        . = (. + _Min_Heap_Size)
 *fill*         0x24000038      0x200 
                0x24000638                        . = (. + _Min_Stack_Size)
 *fill*         0x24000238      0x400 
                0x24000638                        . = ALIGN (0x8)

/DISCARD/
 libc.a(*)
 libm.a(*)
 libgcc.a(*)

.ARM.attributes
                0x00000000       0x2e
 *(.ARM.attributes)
 .ARM.attributes
                0x00000000       0x20 /opt/st/stm32cubeide_2.0.0/plugins/com.st.stm32cube.ide.mcu.externaltools.gnu-tools-for-stm32.13.3.rel1.linux64_1.0.100.202509120712/tools/bin/../lib/gcc/arm-none-eabi/13.3.1/thumb/v7e-m+dp/hard/crti.o
 .ARM.attributes
                0x00000020       0x32 /opt/st/stm32cubeide_2.0.0/plugins/com.st.stm32cube.ide.mcu.externaltools.gnu-tools-for-stm32.13.3.rel1.linux64_1.0.100.202509120712/tools/bin/../lib/gcc/arm-none-eabi/13.3.1/thumb/v7e-m+dp/hard/crtbegin.o
 .ARM.attributes
                0x00000052       0x32 ./Core/Src/main.o
 .ARM.attributes
                0x00000084       0x32 ./Core/Src/stm32h7xx_hal_msp.o
 .ARM.attributes
                0x000000b6       0x32 ./Core/Src/stm32h7xx_it.o
 .ARM.attributes
                0x000000e8       0x32 ./Core/Src/system_stm32h7xx.o
 .ARM.attributes
                0x0000011a       0x21 ./Core/Startup/startup_stm32h7a3zitxq.o
 .ARM.attributes
                0x0000013b       0x32 ./Drivers/STM32H7xx_HAL_Driver/Src/stm32h7xx_hal.o
 .ARM.attributes
                0x0000016d       0x32 ./Drivers/STM32H7xx_HAL_Driver/Src/stm32h7xx_hal_cortex.o
 .ARM.attributes
                0x0000019f       0x32 ./Drivers/STM32H7xx_HAL_Driver/Src/stm32h7xx_hal_gpio.o
 .ARM.attributes
                0x000001d1       0x32 ./Drivers/STM32H7xx_HAL_Driver/Src/stm32h7xx_hal_pwr_ex.o
 .ARM.attributes
                0x00000203       0x32 ./Drivers/STM32H7xx_HAL_Driver/Src/stm32h7xx_hal_rcc.o
 .ARM.attributes
                0x00000235       0x32 /opt/st/stm32cubeide_2.0.0/plugins/com.st.stm32cube.ide.mcu.externaltools.gnu-tools-for-stm32.13.3.rel1.linux64_1.0.100.202509120712/tools/bin/../lib/gcc/arm-none-eabi/13.3.1/../../../../arm-none-eabi/lib/thumb/v7e-m+dp/hard/libc_nano.a(libc_a-memset.o)
 .ARM.attributes
                0x00000267       0x32 /opt/st/stm32cubeide_2.0.0/plugins/com.st.stm32cube.ide.mcu.externaltools.gnu-tools-for-stm32.13.3.rel1.linux64_1.0.100.202509120712/tools/bin/../lib/gcc/arm-none-eabi/13.3.1/../../../../arm-none-eabi/lib/thumb/v7e-m+dp/hard/libc_nano.a(libc_a-init.o)
 .ARM.attributes
                0x00000299       0x20 /opt/st/stm32cubeide_2.0.0/plugins/com.st.stm32cube.ide.mcu.externaltools.gnu-tools-for-stm32.13.3.rel1.linux64_1.0.100.202509120712/tools/bin/../lib/gcc/arm-none-eabi/13.3.1/thumb/v7e-m+dp/hard/crtn.o
OUTPUT(irq.elf elf32-littlearm)
LOAD linker stubs
LOAD /opt/st/stm32cubeide_2.0.0/plugins/com.st.stm32cube.ide.mcu.externaltools.gnu-tools-for-stm32.13.3.rel1.linux64_1.0.100.202509120712/tools/bin/../lib/gcc/arm-none-eabi/13.3.1/../../../../arm-none-eabi/lib/thumb/v7e-m+dp/hard/libc.a
LOAD /opt/st/stm32cubeide_2.0.0/plugins/com.st.stm32cube.ide.mcu.externaltools.gnu-tools-for-stm32.13.3.rel1.linux64_1.0.100.202509120712/tools/bin/../lib/gcc/arm-none-eabi/13.3.1/../../../../arm-none-eabi/lib/thumb/v7e-m+dp/hard/libm.a
LOAD /opt/st/stm32cubeide_2.0.0/plugins/com.st.stm32cube.ide.mcu.externaltools.gnu-tools-for-stm32.13.3.rel1.linux64_1.0.100.202509120712/tools/bin/../lib/gcc/arm-none-eabi/13.3.1/thumb/v7e-m+dp/hard/libgcc.a

.debug_info     0x00000000     0x7093
 .debug_info    0x00000000      0xeaf ./Core/Src/main.o
 .debug_info    0x00000eaf      0x48b ./Core/Src/stm32h7xx_hal_msp.o
 .debug_info    0x0000133a      0x287 ./Core/Src/stm32h7xx_it.o
 .debug_info    0x000015c1      0xd33 ./Core/Src/system_stm32h7xx.o
 .debug_info    0x000022f4       0x30 ./Core/Startup/startup_stm32h7a3zitxq.o
 .debug_info    0x00002324     0x13f1 ./Drivers/STM32H7xx_HAL_Driver/Src/stm32h7xx_hal.o
 .debug_info    0x00003715     0x1093 ./Drivers/STM32H7xx_HAL_Driver/Src/stm32h7xx_hal_cortex.o
 .debug_info    0x000047a8      0xb3a ./Drivers/STM32H7xx_HAL_Driver/Src/stm32h7xx_hal_gpio.o
 .debug_info    0x000052e2      0xf01 ./Drivers/STM32H7xx_HAL_Driver/Src/stm32h7xx_hal_pwr_ex.o
 .debug_info    0x000061e3      0xeb0 ./Drivers/STM32H7xx_HAL_Driver/Src/stm32h7xx_hal_rcc.o

.debug_abbrev   0x00000000     0x132d
 .debug_abbrev  0x00000000      0x25a ./Core/Src/main.o
 .debug_abbrev  0x0000025a       0xec ./Core/Src/stm32h7xx_hal_msp.o
 .debug_abbrev  0x00000346      0x137 ./Core/Src/stm32h7xx_it.o
 .debug_abbrev  0x0000047d      0x165 ./Core/Src/system_stm32h7xx.o
 .debug_abbrev  0x000005e2       0x24 ./Core/Startup/startup_stm32h7a3zitxq.o
 .debug_abbrev  0x00000606      0x291 ./Drivers/STM32H7xx_HAL_Driver/Src/stm32h7xx_hal.o
 .debug_abbrev  0x00000897      0x339 ./Drivers/STM32H7xx_HAL_Driver/Src/stm32h7xx_hal_cortex.o
 .debug_abbrev  0x00000bd0      0x201 ./Drivers/STM32H7xx_HAL_Driver/Src/stm32h7xx_hal_gpio.o
 .debug_abbrev  0x00000dd1      0x297 ./Drivers/STM32H7xx_HAL_Driver/Src/stm32h7xx_hal_pwr_ex.o
 .debug_abbrev  0x00001068      0x2c5 ./Drivers/STM32H7xx_HAL_Driver/Src/stm32h7xx_hal_rcc.o

.debug_aranges  0x00000000      0x658
 .debug_aranges
                0x00000000       0x40 ./Core/Src/main.o
 .debug_aranges
                0x00000040       0x20 ./Core/Src/stm32h7xx_hal_msp.o
 .debug_aranges
                0x00000060       0x68 ./Core/Src/stm32h7xx_it.o
 .debug_aranges
                0x000000c8       0x30 ./Core/Src/system_stm32h7xx.o
 .debug_aranges
                0x000000f8       0x28 ./Core/Startup/startup_stm32h7a3zitxq.o
 .debug_aranges
                0x00000120      0x1a0 ./Drivers/STM32H7xx_HAL_Driver/Src/stm32h7xx_hal.o
 .debug_aranges
                0x000002c0      0x130 ./Drivers/STM32H7xx_HAL_Driver/Src/stm32h7xx_hal_cortex.o
 .debug_aranges
                0x000003f0       0x58 ./Drivers/STM32H7xx_HAL_Driver/Src/stm32h7xx_hal_gpio.o
 .debug_aranges
                0x00000448      0x188 ./Drivers/STM32H7xx_HAL_Driver/Src/stm32h7xx_hal_pwr_ex.o
 .debug_aranges
                0x000005d0       0x88 ./Drivers/STM32H7xx_HAL_Driver/Src/stm32h7xx_hal_rcc.o

.debug_rnglists
                0x00000000      0x4a9
 .debug_rnglists
                0x00000000       0x2d ./Core/Src/main.o
 .debug_rnglists
                0x0000002d       0x13 ./Core/Src/stm32h7xx_hal_msp.o
 .debug_rnglists
                0x00000040       0x4a ./Core/Src/stm32h7xx_it.o
 .debug_rnglists
                0x0000008a       0x21 ./Core/Src/system_stm32h7xx.o
 .debug_rnglists
                0x000000ab       0x19 ./Core/Startup/startup_stm32h7a3zitxq.o
 .debug_rnglists
                0x000000c4      0x137 ./Drivers/STM32H7xx_HAL_Driver/Src/stm32h7xx_hal.o
 .debug_rnglists
                0x000001fb       0xe0 ./Drivers/STM32H7xx_HAL_Driver/Src/stm32h7xx_hal_cortex.o
 .debug_rnglists
                0x000002db       0x3f ./Drivers/STM32H7xx_HAL_Driver/Src/stm32h7xx_hal_gpio.o
 .debug_rnglists
                0x0000031a      0x127 ./Drivers/STM32H7xx_HAL_Driver/Src/stm32h7xx_hal_pwr_ex.o
 .debug_rnglists
                0x00000441       0x68 ./Drivers/STM32H7xx_HAL_Driver/Src/stm32h7xx_hal_rcc.o

.debug_macro    0x00000000    0x2de20
 .debug_macro   0x00000000      0x28f ./Core/Src/main.o
 .debug_macro   0x0000028f      0xaf6 ./Core/Src/main.o
 .debug_macro   0x00000d85      0x22c ./Core/Src/main.o
 .debug_macro   0x00000fb1       0x2e ./Core/Src/main.o
 .debug_macro   0x00000fdf       0x42 ./Core/Src/main.o
 .debug_macro   0x00001021       0x22 ./Core/Src/main.o
 .debug_macro   0x00001043       0x8e ./Core/Src/main.o
 .debug_macro   0x000010d1       0x51 ./Core/Src/main.o
 .debug_macro   0x00001122      0x103 ./Core/Src/main.o
 .debug_macro   0x00001225       0x6a ./Core/Src/main.o
 .debug_macro   0x0000128f      0x1df ./Core/Src/main.o
 .debug_macro   0x0000146e       0x1c ./Core/Src/main.o
 .debug_macro   0x0000148a       0x22 ./Core/Src/main.o
 .debug_macro   0x000014ac       0xfb ./Core/Src/main.o
 .debug_macro   0x000015a7     0x1305 ./Core/Src/main.o
 .debug_macro   0x000028ac      0x11f ./Core/Src/main.o
 .debug_macro   0x000029cb       0x27 ./Core/Src/main.o
 .debug_macro   0x000029f2    0x1ebe7 ./Core/Src/main.o
 .debug_macro   0x000215d9       0x6d ./Core/Src/main.o
 .debug_macro   0x00021646     0x3d80 ./Core/Src/main.o
 .debug_macro   0x000253c6      0x190 ./Core/Src/main.o
 .debug_macro   0x00025556       0x61 ./Core/Src/main.o
 .debug_macro   0x000255b7       0x29 ./Core/Src/main.o
 .debug_macro   0x000255e0       0x43 ./Core/Src/main.o
 .debug_macro   0x00025623       0x34 ./Core/Src/main.o
 .debug_macro   0x00025657      0x370 ./Core/Src/main.o
 .debug_macro   0x000259c7       0x16 ./Core/Src/main.o
 .debug_macro   0x000259dd       0x4a ./Core/Src/main.o
 .debug_macro   0x00025a27       0x34 ./Core/Src/main.o
 .debug_macro   0x00025a5b       0x10 ./Core/Src/main.o
 .debug_macro   0x00025a6b       0x58 ./Core/Src/main.o
 .debug_macro   0x00025ac3       0x8e ./Core/Src/main.o
 .debug_macro   0x00025b51       0x1c ./Core/Src/main.o
 .debug_macro   0x00025b6d      0x185 ./Core/Src/main.o
 .debug_macro   0x00025cf2      0x19b ./Core/Src/main.o
 .debug_macro   0x00025e8d       0x5d ./Core/Src/main.o
 .debug_macro   0x00025eea     0x24ee ./Core/Src/main.o
 .debug_macro   0x000283d8     0x103a ./Core/Src/main.o
 .debug_macro   0x00029412      0x154 ./Core/Src/main.o
 .debug_macro   0x00029566      0x114 ./Core/Src/main.o
 .debug_macro   0x0002967a      0x3d5 ./Core/Src/main.o
 .debug_macro   0x00029a4f       0xac ./Core/Src/main.o
 .debug_macro   0x00029afb      0x70a ./Core/Src/main.o
 .debug_macro   0x0002a205      0x20c ./Core/Src/main.o
 .debug_macro   0x0002a411       0x66 ./Core/Src/main.o
 .debug_macro   0x0002a477      0x3c9 ./Core/Src/main.o
 .debug_macro   0x0002a840      0x3eb ./Core/Src/main.o
 .debug_macro   0x0002ac2b      0x275 ./Core/Src/main.o
 .debug_macro   0x0002aea0      0x6c8 ./Core/Src/main.o
 .debug_macro   0x0002b568      0x520 ./Core/Src/main.o
 .debug_macro   0x0002ba88       0x58 ./Core/Src/main.o
 .debug_macro   0x0002bae0       0x4a ./Core/Src/main.o
 .debug_macro   0x0002bb2a      0x22c ./Core/Src/main.o
 .debug_macro   0x0002bd56       0x67 ./Core/Src/main.o
 .debug_macro   0x0002bdbd       0xa5 ./Core/Src/main.o
 .debug_macro   0x0002be62      0x1bd ./Core/Src/main.o
 .debug_macro   0x0002c01f      0x2dc ./Core/Src/main.o
 .debug_macro   0x0002c2fb       0x35 ./Core/Src/main.o
 .debug_macro   0x0002c330      0x5ca ./Core/Src/main.o
 .debug_macro   0x0002c8fa       0x70 ./Core/Src/main.o
 .debug_macro   0x0002c96a      0x28f ./Core/Src/stm32h7xx_hal_msp.o
 .debug_macro   0x0002cbf9      0x299 ./Core/Src/stm32h7xx_it.o
 .debug_macro   0x0002ce92      0x280 ./Core/Src/system_stm32h7xx.o
 .debug_macro   0x0002d112      0x2aa ./Drivers/STM32H7xx_HAL_Driver/Src/stm32h7xx_hal.o
 .debug_macro   0x0002d3bc      0x280 ./Drivers/STM32H7xx_HAL_Driver/Src/stm32h7xx_hal_cortex.o
 .debug_macro   0x0002d63c      0x287 ./Drivers/STM32H7xx_HAL_Driver/Src/stm32h7xx_hal_gpio.o
 .debug_macro   0x0002d8c3      0x2b9 ./Drivers/STM32H7xx_HAL_Driver/Src/stm32h7xx_hal_pwr_ex.o
 .debug_macro   0x0002db7c      0x2a4 ./Drivers/STM32H7xx_HAL_Driver/Src/stm32h7xx_hal_rcc.o

.debug_line     0x00000000     0x6d9e
 .debug_line    0x00000000      0x8d9 ./Core/Src/main.o
 .debug_line    0x000008d9      0x7b0 ./Core/Src/stm32h7xx_hal_msp.o
 .debug_line    0x00001089      0x894 ./Core/Src/stm32h7xx_it.o
 .debug_line    0x0000191d      0x9a7 ./Core/Src/system_stm32h7xx.o
 .debug_line    0x000022c4       0x7b ./Core/Startup/startup_stm32h7a3zitxq.o
 .debug_line    0x0000233f      0xd96 ./Drivers/STM32H7xx_HAL_Driver/Src/stm32h7xx_hal.o
 .debug_line    0x000030d5      0xd73 ./Drivers/STM32H7xx_HAL_Driver/Src/stm32h7xx_hal_cortex.o
 .debug_line    0x00003e48      0xc12 ./Drivers/STM32H7xx_HAL_Driver/Src/stm32h7xx_hal_gpio.o
 .debug_line    0x00004a5a      0xf79 ./Drivers/STM32H7xx_HAL_Driver/Src/stm32h7xx_hal_pwr_ex.o
 .debug_line    0x000059d3     0x13cb ./Drivers/STM32H7xx_HAL_Driver/Src/stm32h7xx_hal_rcc.o

.debug_str      0x00000000   0x12b392
 .debug_str     0x00000000   0x12b392 ./Core/Src/main.o
                             0x129f8d (size before relaxing)
 .debug_str     0x0012b392        0x0 ./Core/Src/stm32h7xx_hal_msp.o
                             0x12935a (size before relaxing)
 .debug_str     0x0012b392        0x0 ./Core/Src/stm32h7xx_it.o
                             0x129274 (size before relaxing)
 .debug_str     0x0012b392        0x0 ./Core/Src/system_stm32h7xx.o
                             0x129500 (size before relaxing)
 .debug_str     0x0012b392        0x0 ./Core/Startup/startup_stm32h7a3zitxq.o
                                 0x65 (size before relaxing)
 .debug_str     0x0012b392        0x0 ./Drivers/STM32H7xx_HAL_Driver/Src/stm32h7xx_hal.o
                             0x12a394 (size before relaxing)
 .debug_str     0x0012b392        0x0 ./Drivers/STM32H7xx_HAL_Driver/Src/stm32h7xx_hal_cortex.o
                             0x129ddc (size before relaxing)
 .debug_str     0x0012b392        0x0 ./Drivers/STM32H7xx_HAL_Driver/Src/stm32h7xx_hal_gpio.o
                             0x129471 (size before relaxing)
 .debug_str     0x0012b392        0x0 ./Drivers/STM32H7xx_HAL_Driver/Src/stm32h7xx_hal_pwr_ex.o
                             0x1299f6 (size before relaxing)
 .debug_str     0x0012b392        0x0 ./Drivers/STM32H7xx_HAL_Driver/Src/stm32h7xx_hal_rcc.o
                             0x129899 (size before relaxing)

.comment        0x00000000       0x43
 .comment       0x00000000       0x43 ./Core/Src/main.o
                                 0x44 (size before relaxing)
 .comment       0x00000043        0x0 ./Core/Src/stm32h7xx_hal_msp.o
                                 0x44 (size before relaxing)
 .comment       0x00000043        0x0 ./Core/Src/stm32h7xx_it.o
                                 0x44 (size before relaxing)
 .comment       0x00000043        0x0 ./Core/Src/system_stm32h7xx.o
                                 0x44 (size before relaxing)
 .comment       0x00000043        0x0 ./Drivers/STM32H7xx_HAL_Driver/Src/stm32h7xx_hal.o
                                 0x44 (size before relaxing)
 .comment       0x00000043        0x0 ./Drivers/STM32H7xx_HAL_Driver/Src/stm32h7xx_hal_cortex.o
                                 0x44 (size before relaxing)
 .comment       0x00000043        0x0 ./Drivers/STM32H7xx_HAL_Driver/Src/stm32h7xx_hal_gpio.o
                                 0x44 (size before relaxing)
 .comment       0x00000043        0x0 ./Drivers/STM32H7xx_HAL_Driver/Src/stm32h7xx_hal_pwr_ex.o
                                 0x44 (size before relaxing)
 .comment       0x00000043        0x0 ./Drivers/STM32H7xx_HAL_Driver/Src/stm32h7xx_hal_rcc.o
                                 0x44 (size before relaxing)

.debug_frame    0x00000000     0x1824
 .debug_frame   0x00000000       0xb0 ./Core/Src/main.o
 .debug_frame   0x000000b0       0x38 ./Core/Src/stm32h7xx_hal_msp.o
 .debug_frame   0x000000e8      0x120 ./Core/Src/stm32h7xx_it.o
 .debug_frame   0x00000208       0x78 ./Core/Src/system_stm32h7xx.o
 .debug_frame   0x00000280      0x6a8 ./Drivers/STM32H7xx_HAL_Driver/Src/stm32h7xx_hal.o
 .debug_frame   0x00000928      0x508 ./Drivers/STM32H7xx_HAL_Driver/Src/stm32h7xx_hal_cortex.o
 .debug_frame   0x00000e30      0x14c ./Drivers/STM32H7xx_HAL_Driver/Src/stm32h7xx_hal_gpio.o
 .debug_frame   0x00000f7c      0x660 ./Drivers/STM32H7xx_HAL_Driver/Src/stm32h7xx_hal_pwr_ex.o
 .debug_frame   0x000015dc      0x1fc ./Drivers/STM32H7xx_HAL_Driver/Src/stm32h7xx_hal_rcc.o
 .debug_frame   0x000017d8       0x20 /opt/st/stm32cubeide_2.0.0/plugins/com.st.stm32cube.ide.mcu.externaltools.gnu-tools-for-stm32.13.3.rel1.linux64_1.0.100.202509120712/tools/bin/../lib/gcc/arm-none-eabi/13.3.1/../../../../arm-none-eabi/lib/thumb/v7e-m+dp/hard/libc_nano.a(libc_a-memset.o)
 .debug_frame   0x000017f8       0x2c /opt/st/stm32cubeide_2.0.0/plugins/com.st.stm32cube.ide.mcu.externaltools.gnu-tools-for-stm32.13.3.rel1.linux64_1.0.100.202509120712/tools/bin/../lib/gcc/arm-none-eabi/13.3.1/../../../../arm-none-eabi/lib/thumb/v7e-m+dp/hard/libc_nano.a(libc_a-init.o)

.debug_line_str
                0x00000000       0x49
 .debug_line_str
                0x00000000       0x49 ./Core/Startup/startup_stm32h7a3zitxq.o
